../Core/Src/freertos.c:84:13:UART_Write	16	static
../Core/Src/freertos.c:97:24:fmt_csv_line	40	static
../Core/Src/freertos.c:106:13:SamplerTask	16	static
../Core/Src/freertos.c:128:6:HAL_ADC_ConvHalfCpltCallback	24	static,ignoring_inline_asm
../Core/Src/freertos.c:143:6:HAL_ADC_ConvCpltCallback	24	static,ignoring_inline_asm
../Core/Src/freertos.c:157:13:FilterTask	56	static
../Core/Src/freertos.c:218:13:UARTTask	1088	static
../Core/Src/freertos.c:273:17:Pot_ReadRaw12_Injected	16	static
../Core/Src/freertos.c:284:14:Pot_MapToCutoffHz	40	static
../Core/Src/freertos.c:308:13:Biquad_LP_RBJ	64	static
../Core/Src/freertos.c:344:13:DSP_InitBiquadLocked	48	static
../Core/Src/freertos.c:364:13:PotTask	64	static
../Core/Src/freertos.c:398:6:RTOS_init	40	static,ignoring_inline_asm
../Core/Src/freertos.c:437:6:vApplicationGetIdleTaskMemory	24	static
../Core/Src/freertos.c:452:6:UART_test_peripheral	16	static
../Core/Src/freertos.c:470:6:UART_test_format	40	static
../Core/Src/freertos.c:496:6:UART_test_BlockTransmit	88	static
../Core/Src/freertos.c:518:6:test_UART	8	static
../Core/Src/freertos.c:529:6:test_PotMap	16	static
../Core/Src/freertos.c:548:6:DSP_test_RBJ_Coeffs	32	static
../Core/Src/freertos.c:567:6:RTOS_test_Queue	48	static
../Core/Src/freertos.c:601:6:DSP_test	8	static
